==============================================================================
Detectability
==============================================================================
primary key fp=329e972801cf40f9   other key fp=fcabe03ea111a2ea
==============================================================================
1. Separation at full length, by prompt suite
==============================================================================
suite        method          n_tok     AUC           95% CI  TPR@1%  TPR@.1%   mean+   mean-
code         mean              352  0.7692 [0.696,0.834]   0.010    0.010  0.5047  0.4981
code         weighted_mean     352  0.7947 [0.725,0.855]   0.021    0.021  0.5059  0.4969
creative     mean              394  1.0000 [1.000,1.000]   1.000    1.000  0.5446  0.4999
creative     weighted_mean     394  1.0000 [1.000,1.000]   1.000    1.000  0.5579  0.5000
factual      mean                6  0.5772 [0.483,0.677]   0.028    0.028  0.5249  0.5146
factual      weighted_mean       6  0.5942 [0.498,0.689]   0.028    0.028  0.5304  0.5163
financial    mean              380  1.0000 [1.000,1.000]   1.000    1.000  0.5229  0.4988
financial    weighted_mean     380  1.0000 [1.000,1.000]   1.000    1.000  0.5312  0.4989
open_ended   mean              390  1.0000 [1.000,1.000]   1.000    1.000  0.5256  0.5001
open_ended   weighted_mean     390  1.0000 [1.000,1.000]   1.000    1.000  0.5339  0.4992
structured   mean               35  0.5472 [0.441,0.645]   0.000    0.000  0.5020  0.4992
structured   weighted_mean      35  0.5963 [0.495,0.692]   0.000    0.000  0.5038  0.4970
POOLED       mean              390  1.0000 [1.000,1.000]   1.000    0.993  0.5310  0.4996
POOLED       weighted_mean     390  1.0000 [1.000,1.000]   1.000    1.000  0.5410  0.4994
==============================================================================
2. Detection power vs. number of scored tokens (high-entropy suites)
==============================================================================
suite        method          target  n_tok     AUC  TPR@1%  TPR@.1%
creative     mean                25     21  0.9012   0.458    0.458
creative     mean                50     46  0.9497   0.625    0.625
creative     mean               100     96  0.9914   0.948    0.948
creative     mean               200    196  1.0000   1.000    1.000
creative     mean               300    295  1.0000   1.000    1.000
creative     mean               400    394  1.0000   1.000    1.000
creative     weighted_mean       25     21  0.8710   0.479    0.479
creative     weighted_mean       50     46  0.9517   0.802    0.802
creative     weighted_mean      100     96  0.9932   0.948    0.948
creative     weighted_mean      200    196  1.0000   1.000    1.000
creative     weighted_mean      300    295  1.0000   1.000    1.000
creative     weighted_mean      400    394  1.0000   1.000    1.000
open_ended   mean                25     21  0.6268   0.031    0.031
open_ended   mean                50     46  0.8039   0.208    0.208
open_ended   mean               100     96  0.9374   0.500    0.500
open_ended   mean               200    196  0.9956   0.865    0.865
open_ended   mean               300    294  0.9996   0.990    0.990
open_ended   mean               400    390  1.0000   1.000    1.000
open_ended   weighted_mean       25     21  0.7102   0.125    0.125
open_ended   weighted_mean       50     46  0.8777   0.281    0.281
open_ended   weighted_mean      100     96  0.9664   0.604    0.604
open_ended   weighted_mean      200    196  0.9974   0.948    0.948
open_ended   weighted_mean      300    294  1.0000   1.000    1.000
open_ended   weighted_mean      400    390  1.0000   1.000    1.000
financial    mean                25     21  0.6648   0.052    0.052
financial    mean                50     46  0.7822   0.146    0.146
financial    mean               100     95  0.9459   0.333    0.333
financial    mean               200    193  0.9926   0.677    0.677
financial    mean               300    289  0.9998   0.990    0.990
financial    mean               400    380  1.0000   1.000    1.000
financial    weighted_mean       25     21  0.6832   0.042    0.042
financial    weighted_mean       50     46  0.8467   0.229    0.229
financial    weighted_mean      100     95  0.9606   0.573    0.573
financial    weighted_mean      200    193  0.9989   0.958    0.958
financial    weighted_mean      300    289  1.0000   1.000    1.000
financial    weighted_mean      400    380  1.0000   1.000    1.000
==============================================================================
3. Key isolation: our watermarked text, scored with a different key
==============================================================================
suite        method          AUC(wrong key)    mean+    mean-
code         mean                    0.4903   0.5031   0.5032
code         weighted_mean           0.5075   0.5034   0.5032
creative     mean                    0.5969   0.5043   0.5027
creative     weighted_mean           0.5615   0.5037   0.5024
factual      mean                    0.5155   0.5098   0.5101
factual      weighted_mean           0.5167   0.5106   0.5121
financial    mean                    0.5190   0.5041   0.5038
financial    weighted_mean           0.5251   0.5046   0.5040
open_ended   mean                    0.4549   0.5036   0.5040
open_ended   weighted_mean           0.4782   0.5037   0.5041
structured   mean                    0.5260   0.5056   0.5060
structured   weighted_mean           0.5328   0.5056   0.5041
AUC ~= 0.5 means the wrong key sees nothing: keys are independent.
==============================================================================
4. False positives on human-written text
==============================================================================
[mean] 300 human texts, median 132 scored tokens, mean score 0.4985
  empirical thresholds (calibrated on a disjoint half of the human corpus):
    target  0.100 -> observed 0.1067
    target  0.010 -> observed 0.0333
    target  0.001 -> observed 0.0300
  analytic p-value thresholds (no calibration):
    target  0.100 -> observed 0.0833
    target  0.010 -> observed 0.0133
    target  0.001 -> observed 0.0000
[weighted_mean] 300 human texts, median 132 scored tokens, mean score 0.4986
  empirical thresholds (calibrated on a disjoint half of the human corpus):
    target  0.100 -> observed 0.1000
    target  0.010 -> observed 0.0133
    target  0.001 -> observed 0.0100
  analytic p-value thresholds (no calibration):
    target  0.100 -> observed 0.1067
    target  0.010 -> observed 0.0067
    target  0.001 -> observed 0.0033
==============================================================================
5. Analytic null vs. observed null (unwatermarked model output)
==============================================================================
[mean] n=516  p<0.10: 0.0814  p<0.01: 0.0019  p<0.001: 0.0000
[weighted_mean] n=516  p<0.10: 0.0698  p<0.01: 0.0097  p<0.001: 0.0000
A well-calibrated analytic null makes these match their targets.
==============================================================================
6. Token round-trip fidelity
==============================================================================
  400 texts: 66.8% re-tokenise exactly, 99.5% of token positions agree
  mean score via decoded text: 0.5240
  wrote results/02_detectability.json
