==============================================================================
Detectability
==============================================================================
primary key fp=329e972801cf40f9   other key fp=fcabe03ea111a2ea
==============================================================================
1. Separation at full length, by prompt suite
==============================================================================
suite        method          n_tok     AUC           95% CI  TPR@1%  TPR@.1%   mean+   mean-
code         mean              342  0.6265 [0.546,0.702]   0.000    0.000  0.5003  0.4977
code         weighted_mean     342  0.6823 [0.606,0.758]   0.000    0.000  0.5018  0.4981
creative     mean              395  0.9868 [0.974,0.996]   0.802    0.802  0.5153  0.4993
creative     weighted_mean     395  0.9970 [0.992,1.000]   0.844    0.844  0.5214  0.4994
factual      mean                8  0.4913 [0.402,0.580]   0.000    0.000  0.5127  0.5135
factual      weighted_mean       8  0.4779 [0.386,0.569]   0.000    0.000  0.5067  0.5083
financial    mean              385  0.9086 [0.864,0.947]   0.208    0.208  0.5075  0.4990
financial    weighted_mean     385  0.9493 [0.918,0.974]   0.427    0.427  0.5105  0.4987
open_ended   mean              389  0.9417 [0.904,0.973]   0.469    0.469  0.5102  0.4997
open_ended   weighted_mean     389  0.9758 [0.956,0.990]   0.594    0.594  0.5141  0.4997
structured   mean               38  0.5344 [0.439,0.633]   0.000    0.000  0.4992  0.4984
structured   weighted_mean      38  0.5447 [0.449,0.641]   0.000    0.000  0.4982  0.4966
POOLED       mean              390  0.9459 [0.928,0.963]   0.510    0.469  0.5110  0.4993
POOLED       weighted_mean     390  0.9719 [0.961,0.983]   0.677    0.538  0.5153  0.4992
==============================================================================
2. Detection power vs. number of scored tokens (high-entropy suites)
==============================================================================
suite        method          target  n_tok     AUC  TPR@1%  TPR@.1%
creative     mean                25     21  0.7181   0.219    0.219
creative     mean                50     46  0.8154   0.260    0.260
creative     mean               100     96  0.8910   0.219    0.219
creative     mean               200    196  0.9472   0.438    0.438
creative     mean               300    295  0.9685   0.635    0.635
creative     mean               400    395  0.9868   0.802    0.802
creative     weighted_mean       25     21  0.8142   0.229    0.229
creative     weighted_mean       50     46  0.8674   0.396    0.396
creative     weighted_mean      100     96  0.9268   0.333    0.333
creative     weighted_mean      200    196  0.9773   0.740    0.740
creative     weighted_mean      300    295  0.9905   0.729    0.729
creative     weighted_mean      400    395  0.9970   0.844    0.844
open_ended   mean                25     21  0.6678   0.000    0.000
open_ended   mean                50     46  0.7249   0.010    0.010
open_ended   mean               100     96  0.7858   0.073    0.073
open_ended   mean               200    195  0.8830   0.052    0.052
open_ended   mean               300    293  0.9138   0.396    0.396
open_ended   mean               400    389  0.9417   0.469    0.469
open_ended   weighted_mean       25     21  0.7279   0.000    0.000
open_ended   weighted_mean       50     46  0.7829   0.010    0.010
open_ended   weighted_mean      100     96  0.8322   0.156    0.156
open_ended   weighted_mean      200    195  0.9196   0.375    0.375
open_ended   weighted_mean      300    293  0.9434   0.552    0.552
open_ended   weighted_mean      400    389  0.9758   0.594    0.594
financial    mean                25     21  0.5965   0.000    0.000
financial    mean                50     46  0.6727   0.010    0.010
financial    mean               100     96  0.7721   0.125    0.125
financial    mean               200    195  0.8416   0.167    0.167
financial    mean               300    290  0.8650   0.062    0.062
financial    mean               400    385  0.9086   0.208    0.208
financial    weighted_mean       25     21  0.6034   0.000    0.000
financial    weighted_mean       50     46  0.7026   0.094    0.094
financial    weighted_mean      100     96  0.7734   0.292    0.292
financial    weighted_mean      200    195  0.8819   0.302    0.302
financial    weighted_mean      300    290  0.9085   0.219    0.219
financial    weighted_mean      400    385  0.9493   0.427    0.427
==============================================================================
3. Key isolation: our watermarked text, scored with a different key
==============================================================================
suite        method          AUC(wrong key)    mean+    mean-
code         mean                    0.4695   0.5021   0.5026
code         weighted_mean           0.4983   0.5022   0.5027
creative     mean                    0.5100   0.5033   0.5029
creative     weighted_mean           0.5413   0.5037   0.5026
factual      mean                    0.4702   0.5051   0.5083
factual      weighted_mean           0.4747   0.5006   0.5045
financial    mean                    0.4671   0.5043   0.5051
financial    weighted_mean           0.5008   0.5051   0.5052
open_ended   mean                    0.3709   0.5027   0.5046
open_ended   weighted_mean           0.3717   0.5029   0.5052
structured   mean                    0.4983   0.5071   0.5070
structured   weighted_mean           0.5015   0.5052   0.5049
AUC ~= 0.5 means the wrong key sees nothing: keys are independent.
==============================================================================
4. False positives on human-written text
==============================================================================
[mean] 300 human texts, median 132 scored tokens, mean score 0.4985
  empirical thresholds (calibrated on a disjoint half of the human corpus):
    target  0.100 -> observed 0.1067
    target  0.010 -> observed 0.0333
    target  0.001 -> observed 0.0300
  analytic p-value thresholds (no calibration):
    target  0.100 -> observed 0.0833
    target  0.010 -> observed 0.0133
    target  0.001 -> observed 0.0000
[weighted_mean] 300 human texts, median 132 scored tokens, mean score 0.4986
  empirical thresholds (calibrated on a disjoint half of the human corpus):
    target  0.100 -> observed 0.1000
    target  0.010 -> observed 0.0133
    target  0.001 -> observed 0.0100
  analytic p-value thresholds (no calibration):
    target  0.100 -> observed 0.1067
    target  0.010 -> observed 0.0067
    target  0.001 -> observed 0.0033
==============================================================================
5. Analytic null vs. observed null (unwatermarked model output)
==============================================================================
[mean] n=533  p<0.10: 0.0826  p<0.01: 0.0000  p<0.001: 0.0000
[weighted_mean] n=533  p<0.10: 0.0694  p<0.01: 0.0038  p<0.001: 0.0000
A well-calibrated analytic null makes these match their targets.
==============================================================================
6. Token round-trip fidelity
==============================================================================
  400 texts: 62.5% re-tokenise exactly, 99.3% of token positions agree
  mean score via decoded text: 0.5091
  wrote results/02_detectability_31b.json
